rebec@Antimon MINGW64 ~/Documents/Ironhack/Labs/lab-bash (master)
$ cat readme.md
![logo_ironhack_blue 7](https://user-images.githubusercontent.com/23629340/40541063-a07a0a8a-601a-11e8-91b5-2f13e4e6b441.png)

# Lab | Bash

## Introduction

In this lab we are going to practice with [`bash`](<https://en.wikipedia.org/wiki/Bash_(Unix_shell)>), a shell and command-line language!

## Setup

1. Fork the repo in your git hub account and then clone the folder "lab-bash" to your machine and navigate to it folder.

2. Check the contents of the folder using the "ls" command

```shell
$ ls
```

and you should see the following:

```shell
exercises  inputs  lorem  lorem-copy  modules  outputs  README.md
```

3. Stay in the same directory/folder and complete the following exercises.

## Exercises

1. Using the echo command print in console "Hello World". Here is some info about echo command [https://discuss.codecademy.com/t/what-are-practical-uses-of-the-echo-command/394788]
2. Create a new directory called `new_dir`.
3. Delete/Remove the directory `new_dir`.
4. Copy the file `sed.txt` from the `lorem` folder and paste it to the folder `lorem-copy` folder.
5. Copy the other two files from the `lorem folder` to `lorem-copy` folder in just one line using semicolon `;`.
6. Show the `sed.txt` file content from the `lorem` folder.
7. Show the `at.txt` file and `lorem.txt` file contents from `lorem` folder.
8. Print the first 3 rows in `sed.txt` file from lorem-copy folder.
9. Print the last 3 rows in `sed.txt` file from lorem-copy folder.
10. Add `Homo homini lupus.` at the end of `sed.txt` file in the `lorem-copy` folder.
11. Print the last 3 rows in `sed.txt` file from `lorem-copy` folder. You should see `Homo homini lupus.`.
12. `sed` command is used to replace the text in a file. Use the `sed` command to replace all occurances of `et` with `ET` in the file `at.txt` file present in the folder `lorem`. You can use the following link to refer to `sed` commands [https://www.linode.com/docs/guides/manipulate-text-from-the-command-line-with-sed/]
Check the contents of the sed.txt file using `cat` command.
13. Find who is the system user.
14. Find the current path of the directory you are in.
15. List all files with the extension `.txt` in lorem folder.
16. Count the rows in `sed.txt` file from lorem folder. Look concatenate `cat` and `wc` with the pipe `|`.
17. Count the **files** which start with `lorem` in all directories.


## Bonus

20. Store your `name` in a variable with `read` command.
21. Print that variable.
22. Create a new directory named with variable `name`.
23. Remove that directory.

rebec@Antimon MINGW64 ~/Documents/Ironhack/Labs/lab-bash (master)
$ git clone https://github.com/RebeccaSaalfeld/lab-bash.git
Cloning into 'lab-bash'...
remote: Enumerating objects: 40, done.
remote: Counting objects: 100% (23/23), done.
remote: Compressing objects: 100% (13/13), done.
remote: Total 40 (delta 14), reused 10 (delta 10), pack-reused 17
Receiving objects: 100% (40/40), 11.61 KiB | 1.45 MiB/s, done.
Resolving deltas: 100% (14/14), done.

rebec@Antimon MINGW64 ~/Documents/Ironhack/Labs/lab-bash (master)
$ ls
exercices/  inputs/  lab-bash/  lorem/  lorem-copy/  outputs/  readme.md

rebec@Antimon MINGW64 ~/Documents/Ironhack/Labs/lab-bash (master)
$ cd ..

rebec@Antimon MINGW64 ~/Documents/Ironhack/Labs
$ ls
lab-bash/

rebec@Antimon MINGW64 ~/Documents/Ironhack/Labs
$ cd lab-bash/

rebec@Antimon MINGW64 ~/Documents/Ironhack/Labs/lab-bash (master)
$ ls
exercices/  inputs/  lab-bash/  lorem/  lorem-copy/  outputs/  readme.md

rebec@Antimon MINGW64 ~/Documents/Ironhack/Labs/lab-bash (master)
$ echo 'Hello World!'
Hello World!

rebec@Antimon MINGW64 ~/Documents/Ironhack/Labs/lab-bash (master)
$ mkdir new_dir

rebec@Antimon MINGW64 ~/Documents/Ironhack/Labs/lab-bash (master)
$ ls
exercices/  lab-bash/  lorem-copy/  outputs/
inputs/     lorem/     new_dir/     readme.md

rebec@Antimon MINGW64 ~/Documents/Ironhack/Labs/lab-bash (master)
$ rm new_dir/
rm: cannot remove 'new_dir/': Is a directory

rebec@Antimon MINGW64 ~/Documents/Ironhack/Labs/lab-bash (master)
$ rmdel new_dir/
bash: rmdel: command not found

rebec@Antimon MINGW64 ~/Documents/Ironhack/Labs/lab-bash (master)
$ rm -r new_dir

rebec@Antimon MINGW64 ~/Documents/Ironhack/Labs/lab-bash (master)
$ ls
exercices/  inputs/  lab-bash/  lorem/  lorem-copy/  outputs/  readme.md

rebec@Antimon MINGW64 ~/Documents/Ironhack/Labs/lab-bash (master)
$ cp lorem
lorem/      lorem-copy/

rebec@Antimon MINGW64 ~/Documents/Ironhack/Labs/lab-bash (master)
$ cp lorem/des.txt lorem-copy/
cp: cannot stat 'lorem/des.txt': No such file or directory

rebec@Antimon MINGW64 ~/Documents/Ironhack/Labs/lab-bash (master)
$ cp lorem/sed.txt lorem-copy/

rebec@Antimon MINGW64 ~/Documents/Ironhack/Labs/lab-bash (master)
$ cd lorem-copy/

rebec@Antimon MINGW64 ~/Documents/Ironhack/Labs/lab-bash/lorem-copy (master)
$ ls
dummy_file.txt  sed.txt

rebec@Antimon MINGW64 ~/Documents/Ironhack/Labs/lab-bash/lorem-copy (master)
$ cd ..

rebec@Antimon MINGW64 ~/Documents/Ironhack/Labs/lab-bash (master)
$ cd lorem-copy/

rebec@Antimon MINGW64 ~/Documents/Ironhack/Labs/lab-bash/lorem-copy (master)
$ ls
dummy_file.txt  sed.txt

rebec@Antimon MINGW64 ~/Documents/Ironhack/Labs/lab-bash/lorem-copy (master)
$ cd lab-bash/lorem/
bash: cd: lab-bash/lorem/: No such file or directory

rebec@Antimon MINGW64 ~/Documents/Ironhack/Labs/lab-bash/lorem-copy (master)
$ cd..
bash: cd..: command not found

rebec@Antimon MINGW64 ~/Documents/Ironhack/Labs/lab-bash/lorem-copy (master)
$ cd ..

rebec@Antimon MINGW64 ~/Documents/Ironhack/Labs/lab-bash (master)
$ ls
exercices/  inputs/  lab-bash/  lorem/  lorem-copy/  outputs/  readme.md

rebec@Antimon MINGW64 ~/Documents/Ironhack/Labs/lab-bash (master)
$ cd lorem

rebec@Antimon MINGW64 ~/Documents/Ironhack/Labs/lab-bash/lorem (master)
$ ls
at.txt  at.txte  lorem.txt  sed.txt

rebec@Antimon MINGW64 ~/Documents/Ironhack/Labs/lab-bash/lorem (master)
$ cp at.txt  ~/Documents/Ironhack/Labs/lab-bash/lorem-copy; cp lorem.txt  ~/Documents/Ironhack/Labs/lab-bash/lorem-copy

rebec@Antimon MINGW64 ~/Documents/Ironhack/Labs/lab-bash/lorem (master)
$ cd  ~/Documents/Ironhack/Labs/lab-bash/lorem-copy/

rebec@Antimon MINGW64 ~/Documents/Ironhack/Labs/lab-bash/lorem-copy (master)
$ ls
at.txt  dummy_file.txt  lorem.txt  sed.txt

rebec@Antimon MINGW64 ~/Documents/Ironhack/Labs/lab-bash/lorem-copy (master)
$ cd  ~/Documents/Ironhack/Labs/lab-bash/lorem

rebec@Antimon MINGW64 ~/Documents/Ironhack/Labs/lab-bash/lorem (master)
$ cat sed.txt
Sed ut perspiciatis unde omnis iste natus error sit voluptatem accusantium doloremque laudantium,
totam rem aperiam, eaque ipsa quae ab illo inventore veritatis et quasi architecto beatae vitae dicta sunt explicabo.
Nemo enim ipsam voluptatem quia voluptas sit aspernatur aut odit aut fugit,
sed quia consequuntur magni dolores eos qui ratione voluptatem sequi nesciunt.
Neque porro quisquam est, qui dolorem ipsum quia dolor sit amet, consectetur, adipisci velit,
sed quia non numquam eius modi tempora incidunt ut labore et dolore magnam aliquam quaerat voluptatem.
Ut enim ad minima veniam, quis nostrum exercitationem ullam corporis suscipit laboriosam,
nisi ut aliquid ex ea commodi consequatur? Quis autem vel eum iure reprehenderit qui in ea voluptate velit esse quam nihil molestiae consequatur,
vel illum qui dolorem eum fugiat quo voluptas nulla pariatur?Homo homini lupus

rebec@Antimon MINGW64 ~/Documents/Ironhack/Labs/lab-bash/lorem (master)
$ cat at.txt; cat lorem.txt
At vero eos ET accusamus ET iusto odio dignissimos ducimus qui blanditiis praesentium voluptatum
deleniti atque corrupti quos dolores ET quas molestias excepturi sint occaecati cupiditate non
provident, similique sunt in culpa qui officia deserunt mollitia animi, id est laborum ET dolorum fuga.
Et harum quidem rerum facilis est ET expedita distinctio.
Nam libero tempore, cum soluta nobis est eligendi optio cumque nihil impedit quo minus id quod
maxime placeat facere possimus, omnis voluptas assumenda est, omnis dolor repellendus.
Temporibus autem quibusdam ET aut officiis debitis aut rerum necessitatibus saepe eveniET
ut ET voluptates repudiandae sint ET molestiae non recusandae.
Itaque earum rerum hic tenETur a sapiente delectus, ut aut reiciendis voluptatibus maiores
alias consequatur aut perferendis doloribus asperiores repellat
Lorem ipsum dolor sit amet, consectetur adipiscing elit, sed do eiusmod tempor incididunt ut labore et dolore magna aliqua.
Ut enim ad minim veniam, quis nostrud exercitation ullamco laboris nisi ut aliquip ex ea commodo consequat.
Duis aute irure dolor in reprehenderit in voluptate velit esse cillum dolore eu fugiat nulla pariatur.
Excepteur sint occaecat cupidatat non proident, sunt in culpa qui officia deserunt mollit anim id est laborum.
rebec@Antimon MINGW64 ~/Documents/Ironhack/Labs/lab-bash/lorem (master)
$ $ cp lorem/sed.txt lorem-copy/
bash: $: command not found

rebec@Antimon MINGW64 ~/Documents/Ironhack/Labs/lab-bash/lorem (master)
$ sed -n '0,3p' ~/Documents/Ironhack/Labs/lab-bash/lorem-copy/sed.txt
sed: -e expression #1, char 4: invalid usage of line address 0

rebec@Antimon MINGW64 ~/Documents/Ironhack/Labs/lab-bash/lorem (master)
$ pwd
/c/Users/rebec/Documents/Ironhack/Labs/lab-bash/lorem

rebec@Antimon MINGW64 ~/Documents/Ironhack/Labs/lab-bash/lorem (master)
$ l
bash: l: command not found

rebec@Antimon MINGW64 ~/Documents/Ironhack/Labs/lab-bash/lorem (master)
$ ls
at.txt  at.txte  lorem.txt  sed.txt

rebec@Antimon MINGW64 ~/Documents/Ironhack/Labs/lab-bash/lorem (master)
$ cat sed.txt | tr A-Z a-z
sed ut perspiciatis unde omnis iste natus error sit voluptatem accusantium doloremque laudantium,
totam rem aperiam, eaque ipsa quae ab illo inventore veritatis et quasi architecto beatae vitae dicta sunt explicabo.
nemo enim ipsam voluptatem quia voluptas sit aspernatur aut odit aut fugit,
sed quia consequuntur magni dolores eos qui ratione voluptatem sequi nesciunt.
neque porro quisquam est, qui dolorem ipsum quia dolor sit amet, consectetur, adipisci velit,
sed quia non numquam eius modi tempora incidunt ut labore et dolore magnam aliquam quaerat voluptatem.
ut enim ad minima veniam, quis nostrum exercitationem ullam corporis suscipit laboriosam,
nisi ut aliquid ex ea commodi consequatur? quis autem vel eum iure reprehenderit qui in ea voluptate velit esse quam nihil molestiae consequatur,
vel illum qui dolorem eum fugiat quo voluptas nulla pariatur?homo homini lupus

rebec@Antimon MINGW64 ~/Documents/Ironhack/Labs/lab-bash/lorem (master)
$ head sed.txt
Sed ut perspiciatis unde omnis iste natus error sit voluptatem accusantium doloremque laudantium,
totam rem aperiam, eaque ipsa quae ab illo inventore veritatis et quasi architecto beatae vitae dicta sunt explicabo.
Nemo enim ipsam voluptatem quia voluptas sit aspernatur aut odit aut fugit,
sed quia consequuntur magni dolores eos qui ratione voluptatem sequi nesciunt.
Neque porro quisquam est, qui dolorem ipsum quia dolor sit amet, consectetur, adipisci velit,
sed quia non numquam eius modi tempora incidunt ut labore et dolore magnam aliquam quaerat voluptatem.
Ut enim ad minima veniam, quis nostrum exercitationem ullam corporis suscipit laboriosam,
nisi ut aliquid ex ea commodi consequatur? Quis autem vel eum iure reprehenderit qui in ea voluptate velit esse quam nihil molestiae consequatur,
vel illum qui dolorem eum fugiat quo voluptas nulla pariatur?Homo homini lupus

rebec@Antimon MINGW64 ~/Documents/Ironhack/Labs/lab-bash/lorem (master)
$ head sed.txt -3
head: invalid trailing option -- 3
Try 'head --help' for more information.

rebec@Antimon MINGW64 ~/Documents/Ironhack/Labs/lab-bash/lorem (master)
$ head -3 sed.txt
Sed ut perspiciatis unde omnis iste natus error sit voluptatem accusantium doloremque laudantium,
totam rem aperiam, eaque ipsa quae ab illo inventore veritatis et quasi architecto beatae vitae dicta sunt explicabo.
Nemo enim ipsam voluptatem quia voluptas sit aspernatur aut odit aut fugit,

rebec@Antimon MINGW64 ~/Documents/Ironhack/Labs/lab-bash/lorem (master)
$ cd ..

rebec@Antimon MINGW64 ~/Documents/Ironhack/Labs/lab-bash (master)
$ cd lorem-copy/

rebec@Antimon MINGW64 ~/Documents/Ironhack/Labs/lab-bash/lorem-copy (master)
$ head -3 sed.txt
Sed ut perspiciatis unde omnis iste natus error sit voluptatem accusantium doloremque laudantium,
totam rem aperiam, eaque ipsa quae ab illo inventore veritatis et quasi architecto beatae vitae dicta sunt explicabo.
Nemo enim ipsam voluptatem quia voluptas sit aspernatur aut odit aut fugit,



rebec@Antimon MINGW64 ~
$ pd
bash: pd: command not found

rebec@Antimon MINGW64 ~
$ pwd
/c/Users/rebec

rebec@Antimon MINGW64 ~
$ cd Documents/Ironhack/Labs/lab-bash/

rebec@Antimon MINGW64 ~/Documents/Ironhack/Labs/lab-bash (master)
$ mkdir bash.txt

rebec@Antimon MINGW64 ~/Documents/Ironhack/Labs/lab-bash (master)
$ ls
bash.txt/   inputs/    lorem/       outputs/
exercices/  lab-bash/  lorem-copy/  readme.md

rebec@Antimon MINGW64 ~/Documents/Ironhack/Labs/lab-bash (master)
$ touch bash.txt

rebec@Antimon MINGW64 ~/Documents/Ironhack/Labs/lab-bash (master)
$ ls
bash.txt/   inputs/    lorem/       outputs/
exercices/  lab-bash/  lorem-copy/  readme.md

rebec@Antimon MINGW64 ~/Documents/Ironhack/Labs/lab-bash (master)
$ cat bash.txt
cat: bash.txt: Is a directory

rebec@Antimon MINGW64 ~/Documents/Ironhack/Labs/lab-bash (master)
$ rm -r bash.txt

rebec@Antimon MINGW64 ~/Documents/Ironhack/Labs/lab-bash (master)
$ ls
exercices/  inputs/  lab-bash/  lorem/  lorem-copy/  outputs/  readme.md

rebec@Antimon MINGW64 ~/Documents/Ironhack/Labs/lab-bash (master)
$ cat bash.txt
cat: bash.txt: No such file or directory

rebec@Antimon MINGW64 ~/Documents/Ironhack/Labs/lab-bash (master)
$ > bash.txt

rebec@Antimon MINGW64 ~/Documents/Ironhack/Labs/lab-bash (master)
$ ls
bash.txt    inputs/    lorem/       outputs/
exercices/  lab-bash/  lorem-copy/  readme.md

rebec@Antimon MINGW64 ~/Documents/Ironhack/Labs/lab-bash (master)
$ rm -r lab-bash/
rm: remove write-protected regular file 'lab-bash/.git/objects/pack/pack-4fdf9c5d73775b9f7e6800eecf1a797988d811b2.idx'?
rm: remove write-protected regular file 'lab-bash/.git/objects/pack/pack-4fdf9c5d73775b9f7e6800eecf1a797988d811b2.pack'? y
rm: cannot remove 'lab-bash/.git/objects/pack': Directory not empty

rebec@Antimon MINGW64 ~/Documents/Ironhack/Labs/lab-bash (master)
$ cd lorem-copy/

rebec@Antimon MINGW64 ~/Documents/Ironhack/Labs/lab-bash/lorem-copy (master)
$ tail -3 sed.txt
Ut enim ad minima veniam, quis nostrum exercitationem ullam corporis suscipit laboriosam,
nisi ut aliquid ex ea commodi consequatur? Quis autem vel eum iure reprehenderit qui in ea voluptate velit esse quam nihil molestiae consequatur,
vel illum qui dolorem eum fugiat quo voluptas nulla pariatur?Homo homini lupus

rebec@Antimon MINGW64 ~/Documents/Ironhack/Labs/lab-bash/lorem-copy (master)
$ echo 'Homo homini lupus.' >> sed.txt

rebec@Antimon MINGW64 ~/Documents/Ironhack/Labs/lab-bash/lorem-copy (master)
$ tail -3 sed.txt
nisi ut aliquid ex ea commodi consequatur? Quis autem vel eum iure reprehenderit qui in ea voluptate velit esse quam nihil molestiae consequatur,
vel illum qui dolorem eum fugiat quo voluptas nulla pariatur?Homo homini lupus
Homo homini lupus.

rebec@Antimon MINGW64 ~/Documents/Ironhack/Labs/lab-bash/lorem-copy (master)
$ ^C

rebec@Antimon MINGW64 ~/Documents/Ironhack/Labs/lab-bash/lorem-copy (master)
$ cd ..

rebec@Antimon MINGW64 ~/Documents/Ironhack/Labs/lab-bash (master)
$ cd lorem

rebec@Antimon MINGW64 ~/Documents/Ironhack/Labs/lab-bash/lorem (master)
$ ls
at.txt  at.txte  lorem.txt  sed.txt

rebec@Antimon MINGW64 ~/Documents/Ironhack/Labs/lab-bash/lorem (master)
$ sed 's/et/ET/' at.txt >at2.txt

rebec@Antimon MINGW64 ~/Documents/Ironhack/Labs/lab-bash/lorem (master)
$ ls
at.txt  at.txte  at2.txt  lorem.txt  sed.txt

rebec@Antimon MINGW64 ~/Documents/Ironhack/Labs/lab-bash/lorem (master)
$ cat at2.txt
At vero eos ET accusamus ET iusto odio dignissimos ducimus qui blanditiis praesentium voluptatum
deleniti atque corrupti quos dolores ET quas molestias excepturi sint occaecati cupiditate non
provident, similique sunt in culpa qui officia deserunt mollitia animi, id est laborum ET dolorum fuga.
Et harum quidem rerum facilis est ET expedita distinctio.
Nam libero tempore, cum soluta nobis est eligendi optio cumque nihil impedit quo minus id quod
maxime placeat facere possimus, omnis voluptas assumenda est, omnis dolor repellendus.
Temporibus autem quibusdam ET aut officiis debitis aut rerum necessitatibus saepe eveniET
ut ET voluptates repudiandae sint ET molestiae non recusandae.
Itaque earum rerum hic tenETur a sapiente delectus, ut aut reiciendis voluptatibus maiores
alias consequatur aut perferendis doloribus asperiores repellat

rebec@Antimon MINGW64 ~/Documents/Ironhack/Labs/lab-bash/lorem (master)
$ cat at.txt
At vero eos ET accusamus ET iusto odio dignissimos ducimus qui blanditiis praesentium voluptatum
deleniti atque corrupti quos dolores ET quas molestias excepturi sint occaecati cupiditate non
provident, similique sunt in culpa qui officia deserunt mollitia animi, id est laborum ET dolorum fuga.
Et harum quidem rerum facilis est ET expedita distinctio.
Nam libero tempore, cum soluta nobis est eligendi optio cumque nihil impedit quo minus id quod
maxime placeat facere possimus, omnis voluptas assumenda est, omnis dolor repellendus.
Temporibus autem quibusdam ET aut officiis debitis aut rerum necessitatibus saepe eveniET
ut ET voluptates repudiandae sint ET molestiae non recusandae.
Itaque earum rerum hic tenETur a sapiente delectus, ut aut reiciendis voluptatibus maiores
alias consequatur aut perferendis doloribus asperiores repellat

rebec@Antimon MINGW64 ~/Documents/Ironhack/Labs/lab-bash/lorem (master)
$ cd ..

rebec@Antimon MINGW64 ~/Documents/Ironhack/Labs/lab-bash (master)
$ cd lorem

rebec@Antimon MINGW64 ~/Documents/Ironhack/Labs/lab-bash/lorem (master)
$ ls
at.txt  at.txte  at2.txt  lorem.txt  sed.txt

rebec@Antimon MINGW64 ~/Documents/Ironhack/Labs/lab-bash/lorem (master)
$ cd ../lorem-copy/

rebec@Antimon MINGW64 ~/Documents/Ironhack/Labs/lab-bash/lorem-copy (master)
$ cat at.txt
At vero eos ET accusamus ET iusto odio dignissimos ducimus qui blanditiis praesentium voluptatum
deleniti atque corrupti quos dolores ET quas molestias excepturi sint occaecati cupiditate non
provident, similique sunt in culpa qui officia deserunt mollitia animi, id est laborum ET dolorum fuga.
Et harum quidem rerum facilis est ET expedita distinctio.
Nam libero tempore, cum soluta nobis est eligendi optio cumque nihil impedit quo minus id quod
maxime placeat facere possimus, omnis voluptas assumenda est, omnis dolor repellendus.
Temporibus autem quibusdam ET aut officiis debitis aut rerum necessitatibus saepe eveniET
ut ET voluptates repudiandae sint ET molestiae non recusandae.
Itaque earum rerum hic tenETur a sapiente delectus, ut aut reiciendis voluptatibus maiores
alias consequatur aut perferendis doloribus asperiores repellat

rebec@Antimon MINGW64 ~/Documents/Ironhack/Labs/lab-bash/lorem-copy (master)
$ cd ../lorem

rebec@Antimon MINGW64 ~/Documents/Ironhack/Labs/lab-bash/lorem (master)
$ sed 's/ET/et/' at.txt >at2.txt

rebec@Antimon MINGW64 ~/Documents/Ironhack/Labs/lab-bash/lorem (master)
$ cat at.txt
At vero eos ET accusamus ET iusto odio dignissimos ducimus qui blanditiis praesentium voluptatum
deleniti atque corrupti quos dolores ET quas molestias excepturi sint occaecati cupiditate non
provident, similique sunt in culpa qui officia deserunt mollitia animi, id est laborum ET dolorum fuga.
Et harum quidem rerum facilis est ET expedita distinctio.
Nam libero tempore, cum soluta nobis est eligendi optio cumque nihil impedit quo minus id quod
maxime placeat facere possimus, omnis voluptas assumenda est, omnis dolor repellendus.
Temporibus autem quibusdam ET aut officiis debitis aut rerum necessitatibus saepe eveniET
ut ET voluptates repudiandae sint ET molestiae non recusandae.
Itaque earum rerum hic tenETur a sapiente delectus, ut aut reiciendis voluptatibus maiores
alias consequatur aut perferendis doloribus asperiores repellat

rebec@Antimon MINGW64 ~/Documents/Ironhack/Labs/lab-bash/lorem (master)
$ sed 's/ET/et/g' at.txt
At vero eos et accusamus et iusto odio dignissimos ducimus qui blanditiis praesentium voluptatum
deleniti atque corrupti quos dolores et quas molestias excepturi sint occaecati cupiditate non
provident, similique sunt in culpa qui officia deserunt mollitia animi, id est laborum et dolorum fuga.
Et harum quidem rerum facilis est et expedita distinctio.
Nam libero tempore, cum soluta nobis est eligendi optio cumque nihil impedit quo minus id quod
maxime placeat facere possimus, omnis voluptas assumenda est, omnis dolor repellendus.
Temporibus autem quibusdam et aut officiis debitis aut rerum necessitatibus saepe eveniet
ut et voluptates repudiandae sint et molestiae non recusandae.
Itaque earum rerum hic tenetur a sapiente delectus, ut aut reiciendis voluptatibus maiores
alias consequatur aut perferendis doloribus asperiores repellat

rebec@Antimon MINGW64 ~/Documents/Ironhack/Labs/lab-bash/lorem (master)
$ sed 's/et/ET/' at.txt
At vero eos ET accusamus ET iusto odio dignissimos ducimus qui blanditiis praesentium voluptatum
deleniti atque corrupti quos dolores ET quas molestias excepturi sint occaecati cupiditate non
provident, similique sunt in culpa qui officia deserunt mollitia animi, id est laborum ET dolorum fuga.
Et harum quidem rerum facilis est ET expedita distinctio.
Nam libero tempore, cum soluta nobis est eligendi optio cumque nihil impedit quo minus id quod
maxime placeat facere possimus, omnis voluptas assumenda est, omnis dolor repellendus.
Temporibus autem quibusdam ET aut officiis debitis aut rerum necessitatibus saepe eveniET
ut ET voluptates repudiandae sint ET molestiae non recusandae.
Itaque earum rerum hic tenETur a sapiente delectus, ut aut reiciendis voluptatibus maiores
alias consequatur aut perferendis doloribus asperiores repellat

rebec@Antimon MINGW64 ~/Documents/Ironhack/Labs/lab-bash/lorem (master)
$ sed -i 's/ET/et/' at.txt

rebec@Antimon MINGW64 ~/Documents/Ironhack/Labs/lab-bash/lorem (master)
$ cat at.txt
At vero eos et accusamus ET iusto odio dignissimos ducimus qui blanditiis praesentium voluptatum
deleniti atque corrupti quos dolores et quas molestias excepturi sint occaecati cupiditate non
provident, similique sunt in culpa qui officia deserunt mollitia animi, id est laborum et dolorum fuga.
Et harum quidem rerum facilis est et expedita distinctio.
Nam libero tempore, cum soluta nobis est eligendi optio cumque nihil impedit quo minus id quod
maxime placeat facere possimus, omnis voluptas assumenda est, omnis dolor repellendus.
Temporibus autem quibusdam et aut officiis debitis aut rerum necessitatibus saepe eveniET
ut et voluptates repudiandae sint ET molestiae non recusandae.
Itaque earum rerum hic tenetur a sapiente delectus, ut aut reiciendis voluptatibus maiores
alias consequatur aut perferendis doloribus asperiores repellat

rebec@Antimon MINGW64 ~/Documents/Ironhack/Labs/lab-bash/lorem (master)
$ sed 's/ET/et/' at.txt
At vero eos et accusamus et iusto odio dignissimos ducimus qui blanditiis praesentium voluptatum
deleniti atque corrupti quos dolores et quas molestias excepturi sint occaecati cupiditate non
provident, similique sunt in culpa qui officia deserunt mollitia animi, id est laborum et dolorum fuga.
Et harum quidem rerum facilis est et expedita distinctio.
Nam libero tempore, cum soluta nobis est eligendi optio cumque nihil impedit quo minus id quod
maxime placeat facere possimus, omnis voluptas assumenda est, omnis dolor repellendus.
Temporibus autem quibusdam et aut officiis debitis aut rerum necessitatibus saepe eveniet
ut et voluptates repudiandae sint et molestiae non recusandae.
Itaque earum rerum hic tenetur a sapiente delectus, ut aut reiciendis voluptatibus maiores
alias consequatur aut perferendis doloribus asperiores repellat

rebec@Antimon MINGW64 ~/Documents/Ironhack/Labs/lab-bash/lorem (master)
$ cat at.txt
At vero eos et accusamus ET iusto odio dignissimos ducimus qui blanditiis praesentium voluptatum
deleniti atque corrupti quos dolores et quas molestias excepturi sint occaecati cupiditate non
provident, similique sunt in culpa qui officia deserunt mollitia animi, id est laborum et dolorum fuga.
Et harum quidem rerum facilis est et expedita distinctio.
Nam libero tempore, cum soluta nobis est eligendi optio cumque nihil impedit quo minus id quod
maxime placeat facere possimus, omnis voluptas assumenda est, omnis dolor repellendus.
Temporibus autem quibusdam et aut officiis debitis aut rerum necessitatibus saepe eveniET
ut et voluptates repudiandae sint ET molestiae non recusandae.
Itaque earum rerum hic tenetur a sapiente delectus, ut aut reiciendis voluptatibus maiores
alias consequatur aut perferendis doloribus asperiores repellat

rebec@Antimon MINGW64 ~/Documents/Ironhack/Labs/lab-bash/lorem (master)
$ sed 's/ET/et/' at.txt > at.txt

rebec@Antimon MINGW64 ~/Documents/Ironhack/Labs/lab-bash/lorem (master)
$ cat at.txt

rebec@Antimon MINGW64 ~/Documents/Ironhack/Labs/lab-bash/lorem (master)
$ who -q

# users=0

rebec@Antimon MINGW64 ~/Documents/Ironhack/Labs/lab-bash/lorem (master)
$ sed -n -i "s/et/ET/gp"
sed: no input files

rebec@Antimon MINGW64 ~/Documents/Ironhack/Labs/lab-bash/lorem (master)
$ sed -n -i "s/et/ET/gp" at.txt >at2.txt

rebec@Antimon MINGW64 ~/Documents/Ironhack/Labs/lab-bash/lorem (master)
$ cat at2.txt

rebec@Antimon MINGW64 ~/Documents/Ironhack/Labs/lab-bash/lorem (master)
$ cat at.txt
At vero eos ET accusamus ET iusto odio dignissimos ducimus qui blanditiis praesentium voluptatum
deleniti atque corrupti quos dolores ET quas molestias excepturi sint occaecati cupiditate non
provident, similique sunt in culpa qui officia deserunt mollitia animi, id est laborum ET dolorum fuga.
Et harum quidem rerum facilis est ET expedita distinctio.
Temporibus autem quibusdam ET aut officiis debitis aut rerum necessitatibus saepe eveniET
ut ET voluptates repudiandae sint ET molestiae non recusandae.
Itaque earum rerum hic tenETur a sapiente delectus, ut aut reiciendis voluptatibus maiores


rebec@Antimon MINGW64 ~/Documents/Ironhack/Labs/lab-bash (master)
$ who am I

rebec@Antimon MINGW64 ~/Documents/Ironhack/Labs/lab-bash (master)
$ git who am i
git: 'who' is not a git command. See 'git --help'.

The most similar command is
        show

rebec@Antimon MINGW64 ~/Documents/Ironhack/Labs/lab-bash (master)
$ whoami
rebec

rebec@Antimon MINGW64 ~/Documents/Ironhack/Labs/lab-bash (master)
$ pwd
/c/Users/rebec/Documents/Ironhack/Labs/lab-bash

rebec@Antimon MINGW64 ~/Documents/Ironhack/Labs/lab-bash (master)
$ ls lorem/*.txt
lorem/at.txt  lorem/at2.txt  lorem/lorem.txt  lorem/sed.txt

rebec@Antimon MINGW64 ~/Documents/Ironhack/Labs/lab-bash (master)
$ cd lorem

rebec@Antimon MINGW64 ~/Documents/Ironhack/Labs/lab-bash/lorem (master)
$ wc -l lorem/sed.txt
wc: lorem/sed.txt: No such file or directory

rebec@Antimon MINGW64 ~/Documents/Ironhack/Labs/lab-bash/lorem (master)
$ wc -l sed.txt
9 sed.txt

rebec@Antimon MINGW64 ~/Documents/Ironhack/Labs/lab-bash/lorem (master)
$ ĉat sed.txt
bash: ĉat: command not found

rebec@Antimon MINGW64 ~/Documents/Ironhack/Labs/lab-bash/lorem (master)
$ cat sed.txt
Sed ut perspiciatis unde omnis iste natus error sit voluptatem accusantium doloremque laudantium,
totam rem aperiam, eaque ipsa quae ab illo inventore veritatis et quasi architecto beatae vitae dicta sunt explicabo.
Nemo enim ipsam voluptatem quia voluptas sit aspernatur aut odit aut fugit,
sed quia consequuntur magni dolores eos qui ratione voluptatem sequi nesciunt.
Neque porro quisquam est, qui dolorem ipsum quia dolor sit amet, consectetur, adipisci velit,
sed quia non numquam eius modi tempora incidunt ut labore et dolore magnam aliquam quaerat voluptatem.
Ut enim ad minima veniam, quis nostrum exercitationem ullam corporis suscipit laboriosam,
nisi ut aliquid ex ea commodi consequatur? Quis autem vel eum iure reprehenderit qui in ea voluptate velit esse quam nihil molestiae consequatur,
vel illum qui dolorem eum fugiat quo voluptas nulla pariatur?Homo homini lupus

rebec@Antimon MINGW64 ~/Documents/Ironhack/Labs/lab-bash/lorem (master)
$ cd ..

rebec@Antimon MINGW64 ~/Documents/Ironhack/Labs/lab-bash (master)
$ ls | wc -l
8

rebec@Antimon MINGW64 ~/Documents/Ironhack/Labs/lab-bash (master)
$ ls
bash.txt    inputs/   lorem/       outputs/
exercices/  lab-git/  lorem-copy/  readme.md

rebec@Antimon MINGW64 ~/Documents/Ironhack/Labs/lab-bash (master)
$ find 'lorem'
lorem
lorem/at.txt
lorem/at.txte
lorem/at2.txt
lorem/lorem.txt
lorem/sed.txt

rebec@Antimon MINGW64 ~/Documents/Ironhack/Labs/lab-bash (master)
$ find 'lorem' -type f
lorem/at.txt
lorem/at.txte
lorem/at2.txt
lorem/lorem.txt
lorem/sed.txt

rebec@Antimon MINGW64 ~/Documents/Ironhack/Labs/lab-bash (master)
$ find -name 'lorem*' -type f
./lorem/lorem.txt
./lorem-copy/lorem.txt

rebec@Antimon MINGW64 ~/Documents/Ironhack/Labs/lab-bash (master)
$ find -name 'lorem*' -type f | wc -l
2

rebec@Antimon MINGW64 ~/Documents/Ironhack/Labs/lab-bash (master)
$
